                                      1 ;--------------------------------------------------------
                                      2 ; File Created by SDCC : free open source ANSI-C Compiler
                                      3 ; Version 4.1.0 #12072 (MINGW32)
                                      4 ;--------------------------------------------------------
                                      5 	.module main
                                      6 	.optsdcc -mgbz80
                                      7 	
                                      8 ;--------------------------------------------------------
                                      9 ; Public variables in this module
                                     10 ;--------------------------------------------------------
                                     11 	.globl _main
                                     12 	.globl _manual_speed_adj
                                     13 	.globl _auto_speed_adj
                                     14 	.globl _init_paddle
                                     15 	.globl _move_ball
                                     16 	.globl _collides_with_walls
                                     17 	.globl _set_sprite_data
                                     18 	.globl _set_bkg_tiles
                                     19 	.globl _set_bkg_data
                                     20 	.globl _wait_vbl_done
                                     21 	.globl _itr
                                     22 	.globl _tileind
                                     23 	.globl _padheight
                                     24 	.globl _ballmvframe
                                     25 	.globl _framecnt
                                     26 	.globl _ballposy
                                     27 	.globl _ballposx
                                     28 	.globl _ballspeedy
                                     29 	.globl _ballspeedx
                                     30 	.globl _bkgborderdown
                                     31 	.globl _bkgborderup
                                     32 	.globl _pongspritetiles
                                     33 	.globl _ponggamemap
                                     34 	.globl _pongbkgtiles
                                     35 ;--------------------------------------------------------
                                     36 ; special function registers
                                     37 ;--------------------------------------------------------
                                     38 ;--------------------------------------------------------
                                     39 ; ram data
                                     40 ;--------------------------------------------------------
                                     41 	.area _DATA
      000000                         42 _ballspeedx::
      000000                         43 	.ds 1
      000001                         44 _ballspeedy::
      000001                         45 	.ds 1
      000002                         46 _ballposx::
      000002                         47 	.ds 1
      000003                         48 _ballposy::
      000003                         49 	.ds 1
      000004                         50 _framecnt::
      000004                         51 	.ds 1
      000005                         52 _ballmvframe::
      000005                         53 	.ds 1
      000006                         54 _padheight::
      000006                         55 	.ds 1
      000007                         56 _tileind::
      000007                         57 	.ds 1
      000008                         58 _itr::
      000008                         59 	.ds 1
                                     60 ;--------------------------------------------------------
                                     61 ; absolute external ram data
                                     62 ;--------------------------------------------------------
                                     63 	.area _DABS (ABS)
                                     64 ;--------------------------------------------------------
                                     65 ; global & static initialisations
                                     66 ;--------------------------------------------------------
                                     67 	.area _HOME
                                     68 	.area _GSINIT
                                     69 	.area _GSFINAL
                                     70 	.area _GSINIT
                                     71 ;main.c:7: INT8 ballspeedx = 4;
      000000 21r00r00                72 	ld	hl, #_ballspeedx
      000003 36 04                   73 	ld	(hl), #0x04
                                     74 ;main.c:8: INT8 ballspeedy = 4;
      000005 21r01r00                75 	ld	hl, #_ballspeedy
      000008 36 04                   76 	ld	(hl), #0x04
                                     77 ;main.c:9: UINT8 ballposx = 84;
      00000A 21r02r00                78 	ld	hl, #_ballposx
      00000D 36 54                   79 	ld	(hl), #0x54
                                     80 ;main.c:10: UINT8 ballposy = 84;
      00000F 21r03r00                81 	ld	hl, #_ballposy
      000012 36 54                   82 	ld	(hl), #0x54
                                     83 ;main.c:11: UINT8 framecnt = 0;
      000014 21r04r00                84 	ld	hl, #_framecnt
      000017 36 00                   85 	ld	(hl), #0x00
                                     86 ;main.c:12: UINT8 ballmvframe = 1; // controlls the ball's speed
      000019 21r05r00                87 	ld	hl, #_ballmvframe
      00001C 36 01                   88 	ld	(hl), #0x01
                                     89 ;main.c:13: UINT8 padheight = 3; // actual height - 1 for ease of calculation
      00001E 21r06r00                90 	ld	hl, #_padheight
      000021 36 03                   91 	ld	(hl), #0x03
                                     92 ;main.c:14: UINT8 tileind = 0;
      000023 21r07r00                93 	ld	hl, #_tileind
      000026 36 00                   94 	ld	(hl), #0x00
                                     95 ;--------------------------------------------------------
                                     96 ; Home
                                     97 ;--------------------------------------------------------
                                     98 	.area _HOME
                                     99 	.area _HOME
                                    100 ;--------------------------------------------------------
                                    101 ; code
                                    102 ;--------------------------------------------------------
                                    103 	.area _CODE
                                    104 ;main.c:20: UBYTE collides_with_walls(UINT8 nexty) {
                                    105 ;	---------------------------------
                                    106 ; Function collides_with_walls
                                    107 ; ---------------------------------
      000000                        108 _collides_with_walls::
                                    109 ;main.c:21: return nexty < bkgborderup || nexty + 8 > bkgborderdown;
      000000 21r5Er02               110 	ld	hl, #_bkgborderup
      000003 4E                     111 	ld	c, (hl)
      000004 F8 02                  112 	ldhl	sp,	#2
      000006 7E                     113 	ld	a,(hl)
      000007 B9                     114 	cp	a,c
      000008 38 29                  115 	jr	C, 00104$
      00000A 06 00                  116 	ld	b, #0x00
      00000C C6 08                  117 	add	a, #0x08
      00000E 4F                     118 	ld	c, a
      00000F 30 01                  119 	jr	NC, 00116$
      000011 04                     120 	inc	b
      000012                        121 00116$:
      000012 21r5Fr02               122 	ld	hl, #_bkgborderdown
      000015 6E                     123 	ld	l, (hl)
      000016 26 00                  124 	ld	h, #0x00
      000018 58                     125 	ld	e, b
      000019 54                     126 	ld	d, h
      00001A 7D                     127 	ld	a, l
      00001B 91                     128 	sub	a, c
      00001C 7C                     129 	ld	a, h
      00001D 98                     130 	sbc	a, b
      00001E CB 7B                  131 	bit	7, e
      000020 28 07                  132 	jr	Z, 00117$
      000022 CB 7A                  133 	bit	7, d
      000024 20 08                  134 	jr	NZ, 00118$
      000026 BF                     135 	cp	a, a
      000027 18 05                  136 	jr	00118$
      000029                        137 00117$:
      000029 CB 7A                  138 	bit	7, d
      00002B 28 01                  139 	jr	Z, 00118$
      00002D 37                     140 	scf
      00002E                        141 00118$:
      00002E 38 03                  142 	jr	C, 00104$
      000030 1E 00                  143 	ld	e, #0x00
      000032 C9                     144 	ret
      000033                        145 00104$:
      000033 1E 01                  146 	ld	e, #0x01
                                    147 ;main.c:22: }
      000035 C9                     148 	ret
      000036                        149 _pongbkgtiles:
      000036 00                     150 	.db #0x00	; 0
      000037 00                     151 	.db #0x00	; 0
      000038 00                     152 	.db #0x00	; 0
      000039 00                     153 	.db #0x00	; 0
      00003A 00                     154 	.db #0x00	; 0
      00003B 00                     155 	.db #0x00	; 0
      00003C 00                     156 	.db #0x00	; 0
      00003D 00                     157 	.db #0x00	; 0
      00003E 00                     158 	.db #0x00	; 0
      00003F 00                     159 	.db #0x00	; 0
      000040 00                     160 	.db #0x00	; 0
      000041 00                     161 	.db #0x00	; 0
      000042 00                     162 	.db #0x00	; 0
      000043 00                     163 	.db #0x00	; 0
      000044 00                     164 	.db #0x00	; 0
      000045 00                     165 	.db #0x00	; 0
      000046 00                     166 	.db #0x00	; 0
      000047 00                     167 	.db #0x00	; 0
      000048 00                     168 	.db #0x00	; 0
      000049 00                     169 	.db #0x00	; 0
      00004A 00                     170 	.db #0x00	; 0
      00004B 00                     171 	.db #0x00	; 0
      00004C 00                     172 	.db #0x00	; 0
      00004D 00                     173 	.db #0x00	; 0
      00004E 00                     174 	.db #0x00	; 0
      00004F 00                     175 	.db #0x00	; 0
      000050 FF                     176 	.db #0xff	; 255
      000051 00                     177 	.db #0x00	; 0
      000052 00                     178 	.db #0x00	; 0
      000053 FF                     179 	.db #0xff	; 255
      000054 FF                     180 	.db #0xff	; 255
      000055 FF                     181 	.db #0xff	; 255
      000056 FF                     182 	.db #0xff	; 255
      000057 FF                     183 	.db #0xff	; 255
      000058 00                     184 	.db #0x00	; 0
      000059 FF                     185 	.db #0xff	; 255
      00005A FF                     186 	.db #0xff	; 255
      00005B 00                     187 	.db #0x00	; 0
      00005C 00                     188 	.db #0x00	; 0
      00005D 00                     189 	.db #0x00	; 0
      00005E 00                     190 	.db #0x00	; 0
      00005F 00                     191 	.db #0x00	; 0
      000060 00                     192 	.db #0x00	; 0
      000061 00                     193 	.db #0x00	; 0
      000062 00                     194 	.db #0x00	; 0
      000063 00                     195 	.db #0x00	; 0
      000064 00                     196 	.db #0x00	; 0
      000065 00                     197 	.db #0x00	; 0
      000066 00                     198 	.db #0x00	; 0
      000067 01                     199 	.db #0x01	; 1
      000068 01                     200 	.db #0x01	; 1
      000069 02                     201 	.db #0x02	; 2
      00006A 03                     202 	.db #0x03	; 3
      00006B 04                     203 	.db #0x04	; 4
      00006C 07                     204 	.db #0x07	; 7
      00006D 08                     205 	.db #0x08	; 8
      00006E 0F                     206 	.db #0x0f	; 15
      00006F 10                     207 	.db #0x10	; 16
      000070 1E                     208 	.db #0x1e	; 30
      000071 21                     209 	.db #0x21	; 33
      000072 3C                     210 	.db #0x3c	; 60
      000073 43                     211 	.db #0x43	; 67	'C'
      000074 79                     212 	.db #0x79	; 121	'y'
      000075 86                     213 	.db #0x86	; 134
      000076 00                     214 	.db #0x00	; 0
      000077 80                     215 	.db #0x80	; 128
      000078 80                     216 	.db #0x80	; 128
      000079 40                     217 	.db #0x40	; 64
      00007A C0                     218 	.db #0xc0	; 192
      00007B 20                     219 	.db #0x20	; 32
      00007C E0                     220 	.db #0xe0	; 224
      00007D 10                     221 	.db #0x10	; 16
      00007E F0                     222 	.db #0xf0	; 240
      00007F 08                     223 	.db #0x08	; 8
      000080 78                     224 	.db #0x78	; 120	'x'
      000081 84                     225 	.db #0x84	; 132
      000082 3C                     226 	.db #0x3c	; 60
      000083 C2                     227 	.db #0xc2	; 194
      000084 9E                     228 	.db #0x9e	; 158
      000085 61                     229 	.db #0x61	; 97	'a'
      000086 79                     230 	.db #0x79	; 121	'y'
      000087 86                     231 	.db #0x86	; 134
      000088 3C                     232 	.db #0x3c	; 60
      000089 43                     233 	.db #0x43	; 67	'C'
      00008A 1E                     234 	.db #0x1e	; 30
      00008B 21                     235 	.db #0x21	; 33
      00008C 0F                     236 	.db #0x0f	; 15
      00008D 10                     237 	.db #0x10	; 16
      00008E 07                     238 	.db #0x07	; 7
      00008F 08                     239 	.db #0x08	; 8
      000090 03                     240 	.db #0x03	; 3
      000091 04                     241 	.db #0x04	; 4
      000092 01                     242 	.db #0x01	; 1
      000093 02                     243 	.db #0x02	; 2
      000094 00                     244 	.db #0x00	; 0
      000095 01                     245 	.db #0x01	; 1
      000096 9E                     246 	.db #0x9e	; 158
      000097 61                     247 	.db #0x61	; 97	'a'
      000098 3C                     248 	.db #0x3c	; 60
      000099 C2                     249 	.db #0xc2	; 194
      00009A 78                     250 	.db #0x78	; 120	'x'
      00009B 84                     251 	.db #0x84	; 132
      00009C F0                     252 	.db #0xf0	; 240
      00009D 08                     253 	.db #0x08	; 8
      00009E E0                     254 	.db #0xe0	; 224
      00009F 10                     255 	.db #0x10	; 16
      0000A0 C0                     256 	.db #0xc0	; 192
      0000A1 20                     257 	.db #0x20	; 32
      0000A2 80                     258 	.db #0x80	; 128
      0000A3 40                     259 	.db #0x40	; 64
      0000A4 00                     260 	.db #0x00	; 0
      0000A5 80                     261 	.db #0x80	; 128
      0000A6                        262 _ponggamemap:
      0000A6 00                     263 	.db #0x00	; 0
      0000A7 00                     264 	.db #0x00	; 0
      0000A8 00                     265 	.db #0x00	; 0
      0000A9 00                     266 	.db #0x00	; 0
      0000AA 00                     267 	.db #0x00	; 0
      0000AB 00                     268 	.db #0x00	; 0
      0000AC 00                     269 	.db #0x00	; 0
      0000AD 00                     270 	.db #0x00	; 0
      0000AE 00                     271 	.db #0x00	; 0
      0000AF 00                     272 	.db #0x00	; 0
      0000B0 00                     273 	.db #0x00	; 0
      0000B1 00                     274 	.db #0x00	; 0
      0000B2 00                     275 	.db #0x00	; 0
      0000B3 00                     276 	.db #0x00	; 0
      0000B4 00                     277 	.db #0x00	; 0
      0000B5 00                     278 	.db #0x00	; 0
      0000B6 00                     279 	.db #0x00	; 0
      0000B7 00                     280 	.db #0x00	; 0
      0000B8 00                     281 	.db #0x00	; 0
      0000B9 00                     282 	.db #0x00	; 0
      0000BA 01                     283 	.db #0x01	; 1
      0000BB 01                     284 	.db #0x01	; 1
      0000BC 01                     285 	.db #0x01	; 1
      0000BD 01                     286 	.db #0x01	; 1
      0000BE 01                     287 	.db #0x01	; 1
      0000BF 01                     288 	.db #0x01	; 1
      0000C0 01                     289 	.db #0x01	; 1
      0000C1 01                     290 	.db #0x01	; 1
      0000C2 01                     291 	.db #0x01	; 1
      0000C3 01                     292 	.db #0x01	; 1
      0000C4 01                     293 	.db #0x01	; 1
      0000C5 01                     294 	.db #0x01	; 1
      0000C6 01                     295 	.db #0x01	; 1
      0000C7 01                     296 	.db #0x01	; 1
      0000C8 01                     297 	.db #0x01	; 1
      0000C9 01                     298 	.db #0x01	; 1
      0000CA 01                     299 	.db #0x01	; 1
      0000CB 01                     300 	.db #0x01	; 1
      0000CC 01                     301 	.db #0x01	; 1
      0000CD 01                     302 	.db #0x01	; 1
      0000CE 00                     303 	.db #0x00	; 0
      0000CF 00                     304 	.db #0x00	; 0
      0000D0 00                     305 	.db #0x00	; 0
      0000D1 00                     306 	.db #0x00	; 0
      0000D2 00                     307 	.db #0x00	; 0
      0000D3 00                     308 	.db #0x00	; 0
      0000D4 00                     309 	.db #0x00	; 0
      0000D5 00                     310 	.db #0x00	; 0
      0000D6 00                     311 	.db #0x00	; 0
      0000D7 00                     312 	.db #0x00	; 0
      0000D8 00                     313 	.db #0x00	; 0
      0000D9 00                     314 	.db #0x00	; 0
      0000DA 00                     315 	.db #0x00	; 0
      0000DB 00                     316 	.db #0x00	; 0
      0000DC 00                     317 	.db #0x00	; 0
      0000DD 00                     318 	.db #0x00	; 0
      0000DE 00                     319 	.db #0x00	; 0
      0000DF 00                     320 	.db #0x00	; 0
      0000E0 00                     321 	.db #0x00	; 0
      0000E1 00                     322 	.db #0x00	; 0
      0000E2 00                     323 	.db #0x00	; 0
      0000E3 00                     324 	.db #0x00	; 0
      0000E4 00                     325 	.db #0x00	; 0
      0000E5 00                     326 	.db #0x00	; 0
      0000E6 00                     327 	.db #0x00	; 0
      0000E7 00                     328 	.db #0x00	; 0
      0000E8 00                     329 	.db #0x00	; 0
      0000E9 00                     330 	.db #0x00	; 0
      0000EA 00                     331 	.db #0x00	; 0
      0000EB 00                     332 	.db #0x00	; 0
      0000EC 00                     333 	.db #0x00	; 0
      0000ED 00                     334 	.db #0x00	; 0
      0000EE 00                     335 	.db #0x00	; 0
      0000EF 00                     336 	.db #0x00	; 0
      0000F0 00                     337 	.db #0x00	; 0
      0000F1 00                     338 	.db #0x00	; 0
      0000F2 00                     339 	.db #0x00	; 0
      0000F3 00                     340 	.db #0x00	; 0
      0000F4 00                     341 	.db #0x00	; 0
      0000F5 00                     342 	.db #0x00	; 0
      0000F6 00                     343 	.db #0x00	; 0
      0000F7 00                     344 	.db #0x00	; 0
      0000F8 00                     345 	.db #0x00	; 0
      0000F9 00                     346 	.db #0x00	; 0
      0000FA 00                     347 	.db #0x00	; 0
      0000FB 00                     348 	.db #0x00	; 0
      0000FC 00                     349 	.db #0x00	; 0
      0000FD 00                     350 	.db #0x00	; 0
      0000FE 00                     351 	.db #0x00	; 0
      0000FF 00                     352 	.db #0x00	; 0
      000100 00                     353 	.db #0x00	; 0
      000101 00                     354 	.db #0x00	; 0
      000102 00                     355 	.db #0x00	; 0
      000103 00                     356 	.db #0x00	; 0
      000104 00                     357 	.db #0x00	; 0
      000105 00                     358 	.db #0x00	; 0
      000106 00                     359 	.db #0x00	; 0
      000107 00                     360 	.db #0x00	; 0
      000108 00                     361 	.db #0x00	; 0
      000109 00                     362 	.db #0x00	; 0
      00010A 00                     363 	.db #0x00	; 0
      00010B 00                     364 	.db #0x00	; 0
      00010C 00                     365 	.db #0x00	; 0
      00010D 00                     366 	.db #0x00	; 0
      00010E 00                     367 	.db #0x00	; 0
      00010F 00                     368 	.db #0x00	; 0
      000110 00                     369 	.db #0x00	; 0
      000111 00                     370 	.db #0x00	; 0
      000112 00                     371 	.db #0x00	; 0
      000113 00                     372 	.db #0x00	; 0
      000114 00                     373 	.db #0x00	; 0
      000115 00                     374 	.db #0x00	; 0
      000116 00                     375 	.db #0x00	; 0
      000117 00                     376 	.db #0x00	; 0
      000118 00                     377 	.db #0x00	; 0
      000119 00                     378 	.db #0x00	; 0
      00011A 00                     379 	.db #0x00	; 0
      00011B 00                     380 	.db #0x00	; 0
      00011C 00                     381 	.db #0x00	; 0
      00011D 00                     382 	.db #0x00	; 0
      00011E 00                     383 	.db #0x00	; 0
      00011F 00                     384 	.db #0x00	; 0
      000120 00                     385 	.db #0x00	; 0
      000121 00                     386 	.db #0x00	; 0
      000122 00                     387 	.db #0x00	; 0
      000123 00                     388 	.db #0x00	; 0
      000124 00                     389 	.db #0x00	; 0
      000125 00                     390 	.db #0x00	; 0
      000126 00                     391 	.db #0x00	; 0
      000127 00                     392 	.db #0x00	; 0
      000128 00                     393 	.db #0x00	; 0
      000129 00                     394 	.db #0x00	; 0
      00012A 00                     395 	.db #0x00	; 0
      00012B 00                     396 	.db #0x00	; 0
      00012C 00                     397 	.db #0x00	; 0
      00012D 00                     398 	.db #0x00	; 0
      00012E 00                     399 	.db #0x00	; 0
      00012F 00                     400 	.db #0x00	; 0
      000130 00                     401 	.db #0x00	; 0
      000131 00                     402 	.db #0x00	; 0
      000132 00                     403 	.db #0x00	; 0
      000133 07                     404 	.db #0x07	; 7
      000134 00                     405 	.db #0x00	; 0
      000135 00                     406 	.db #0x00	; 0
      000136 00                     407 	.db #0x00	; 0
      000137 00                     408 	.db #0x00	; 0
      000138 00                     409 	.db #0x00	; 0
      000139 00                     410 	.db #0x00	; 0
      00013A 00                     411 	.db #0x00	; 0
      00013B 00                     412 	.db #0x00	; 0
      00013C 00                     413 	.db #0x00	; 0
      00013D 00                     414 	.db #0x00	; 0
      00013E 00                     415 	.db #0x00	; 0
      00013F 00                     416 	.db #0x00	; 0
      000140 00                     417 	.db #0x00	; 0
      000141 00                     418 	.db #0x00	; 0
      000142 00                     419 	.db #0x00	; 0
      000143 00                     420 	.db #0x00	; 0
      000144 07                     421 	.db #0x07	; 7
      000145 00                     422 	.db #0x00	; 0
      000146 00                     423 	.db #0x00	; 0
      000147 08                     424 	.db #0x08	; 8
      000148 00                     425 	.db #0x00	; 0
      000149 00                     426 	.db #0x00	; 0
      00014A 00                     427 	.db #0x00	; 0
      00014B 00                     428 	.db #0x00	; 0
      00014C 00                     429 	.db #0x00	; 0
      00014D 00                     430 	.db #0x00	; 0
      00014E 00                     431 	.db #0x00	; 0
      00014F 03                     432 	.db #0x03	; 3
      000150 04                     433 	.db #0x04	; 4
      000151 00                     434 	.db #0x00	; 0
      000152 00                     435 	.db #0x00	; 0
      000153 00                     436 	.db #0x00	; 0
      000154 00                     437 	.db #0x00	; 0
      000155 00                     438 	.db #0x00	; 0
      000156 00                     439 	.db #0x00	; 0
      000157 00                     440 	.db #0x00	; 0
      000158 08                     441 	.db #0x08	; 8
      000159 00                     442 	.db #0x00	; 0
      00015A 00                     443 	.db #0x00	; 0
      00015B 08                     444 	.db #0x08	; 8
      00015C 00                     445 	.db #0x00	; 0
      00015D 00                     446 	.db #0x00	; 0
      00015E 00                     447 	.db #0x00	; 0
      00015F 00                     448 	.db #0x00	; 0
      000160 00                     449 	.db #0x00	; 0
      000161 00                     450 	.db #0x00	; 0
      000162 00                     451 	.db #0x00	; 0
      000163 05                     452 	.db #0x05	; 5
      000164 06                     453 	.db #0x06	; 6
      000165 00                     454 	.db #0x00	; 0
      000166 00                     455 	.db #0x00	; 0
      000167 00                     456 	.db #0x00	; 0
      000168 00                     457 	.db #0x00	; 0
      000169 00                     458 	.db #0x00	; 0
      00016A 00                     459 	.db #0x00	; 0
      00016B 00                     460 	.db #0x00	; 0
      00016C 08                     461 	.db #0x08	; 8
      00016D 00                     462 	.db #0x00	; 0
      00016E 00                     463 	.db #0x00	; 0
      00016F 09                     464 	.db #0x09	; 9
      000170 00                     465 	.db #0x00	; 0
      000171 00                     466 	.db #0x00	; 0
      000172 00                     467 	.db #0x00	; 0
      000173 00                     468 	.db #0x00	; 0
      000174 00                     469 	.db #0x00	; 0
      000175 00                     470 	.db #0x00	; 0
      000176 00                     471 	.db #0x00	; 0
      000177 00                     472 	.db #0x00	; 0
      000178 00                     473 	.db #0x00	; 0
      000179 00                     474 	.db #0x00	; 0
      00017A 00                     475 	.db #0x00	; 0
      00017B 00                     476 	.db #0x00	; 0
      00017C 00                     477 	.db #0x00	; 0
      00017D 00                     478 	.db #0x00	; 0
      00017E 00                     479 	.db #0x00	; 0
      00017F 00                     480 	.db #0x00	; 0
      000180 09                     481 	.db #0x09	; 9
      000181 00                     482 	.db #0x00	; 0
      000182 00                     483 	.db #0x00	; 0
      000183 00                     484 	.db #0x00	; 0
      000184 00                     485 	.db #0x00	; 0
      000185 00                     486 	.db #0x00	; 0
      000186 00                     487 	.db #0x00	; 0
      000187 00                     488 	.db #0x00	; 0
      000188 00                     489 	.db #0x00	; 0
      000189 00                     490 	.db #0x00	; 0
      00018A 00                     491 	.db #0x00	; 0
      00018B 00                     492 	.db #0x00	; 0
      00018C 00                     493 	.db #0x00	; 0
      00018D 00                     494 	.db #0x00	; 0
      00018E 00                     495 	.db #0x00	; 0
      00018F 00                     496 	.db #0x00	; 0
      000190 00                     497 	.db #0x00	; 0
      000191 00                     498 	.db #0x00	; 0
      000192 00                     499 	.db #0x00	; 0
      000193 00                     500 	.db #0x00	; 0
      000194 00                     501 	.db #0x00	; 0
      000195 00                     502 	.db #0x00	; 0
      000196 00                     503 	.db #0x00	; 0
      000197 00                     504 	.db #0x00	; 0
      000198 00                     505 	.db #0x00	; 0
      000199 00                     506 	.db #0x00	; 0
      00019A 00                     507 	.db #0x00	; 0
      00019B 00                     508 	.db #0x00	; 0
      00019C 00                     509 	.db #0x00	; 0
      00019D 00                     510 	.db #0x00	; 0
      00019E 00                     511 	.db #0x00	; 0
      00019F 00                     512 	.db #0x00	; 0
      0001A0 00                     513 	.db #0x00	; 0
      0001A1 00                     514 	.db #0x00	; 0
      0001A2 00                     515 	.db #0x00	; 0
      0001A3 00                     516 	.db #0x00	; 0
      0001A4 00                     517 	.db #0x00	; 0
      0001A5 00                     518 	.db #0x00	; 0
      0001A6 00                     519 	.db #0x00	; 0
      0001A7 00                     520 	.db #0x00	; 0
      0001A8 00                     521 	.db #0x00	; 0
      0001A9 00                     522 	.db #0x00	; 0
      0001AA 00                     523 	.db #0x00	; 0
      0001AB 00                     524 	.db #0x00	; 0
      0001AC 00                     525 	.db #0x00	; 0
      0001AD 00                     526 	.db #0x00	; 0
      0001AE 00                     527 	.db #0x00	; 0
      0001AF 00                     528 	.db #0x00	; 0
      0001B0 00                     529 	.db #0x00	; 0
      0001B1 00                     530 	.db #0x00	; 0
      0001B2 00                     531 	.db #0x00	; 0
      0001B3 00                     532 	.db #0x00	; 0
      0001B4 00                     533 	.db #0x00	; 0
      0001B5 00                     534 	.db #0x00	; 0
      0001B6 00                     535 	.db #0x00	; 0
      0001B7 00                     536 	.db #0x00	; 0
      0001B8 00                     537 	.db #0x00	; 0
      0001B9 00                     538 	.db #0x00	; 0
      0001BA 00                     539 	.db #0x00	; 0
      0001BB 00                     540 	.db #0x00	; 0
      0001BC 00                     541 	.db #0x00	; 0
      0001BD 00                     542 	.db #0x00	; 0
      0001BE 00                     543 	.db #0x00	; 0
      0001BF 00                     544 	.db #0x00	; 0
      0001C0 00                     545 	.db #0x00	; 0
      0001C1 00                     546 	.db #0x00	; 0
      0001C2 00                     547 	.db #0x00	; 0
      0001C3 00                     548 	.db #0x00	; 0
      0001C4 00                     549 	.db #0x00	; 0
      0001C5 00                     550 	.db #0x00	; 0
      0001C6 00                     551 	.db #0x00	; 0
      0001C7 00                     552 	.db #0x00	; 0
      0001C8 00                     553 	.db #0x00	; 0
      0001C9 00                     554 	.db #0x00	; 0
      0001CA 00                     555 	.db #0x00	; 0
      0001CB 00                     556 	.db #0x00	; 0
      0001CC 00                     557 	.db #0x00	; 0
      0001CD 00                     558 	.db #0x00	; 0
      0001CE 00                     559 	.db #0x00	; 0
      0001CF 00                     560 	.db #0x00	; 0
      0001D0 00                     561 	.db #0x00	; 0
      0001D1 00                     562 	.db #0x00	; 0
      0001D2 00                     563 	.db #0x00	; 0
      0001D3 00                     564 	.db #0x00	; 0
      0001D4 00                     565 	.db #0x00	; 0
      0001D5 00                     566 	.db #0x00	; 0
      0001D6 00                     567 	.db #0x00	; 0
      0001D7 00                     568 	.db #0x00	; 0
      0001D8 00                     569 	.db #0x00	; 0
      0001D9 00                     570 	.db #0x00	; 0
      0001DA 00                     571 	.db #0x00	; 0
      0001DB 00                     572 	.db #0x00	; 0
      0001DC 00                     573 	.db #0x00	; 0
      0001DD 00                     574 	.db #0x00	; 0
      0001DE 00                     575 	.db #0x00	; 0
      0001DF 00                     576 	.db #0x00	; 0
      0001E0 00                     577 	.db #0x00	; 0
      0001E1 00                     578 	.db #0x00	; 0
      0001E2 00                     579 	.db #0x00	; 0
      0001E3 00                     580 	.db #0x00	; 0
      0001E4 00                     581 	.db #0x00	; 0
      0001E5 00                     582 	.db #0x00	; 0
      0001E6 02                     583 	.db #0x02	; 2
      0001E7 02                     584 	.db #0x02	; 2
      0001E8 02                     585 	.db #0x02	; 2
      0001E9 02                     586 	.db #0x02	; 2
      0001EA 02                     587 	.db #0x02	; 2
      0001EB 02                     588 	.db #0x02	; 2
      0001EC 02                     589 	.db #0x02	; 2
      0001ED 02                     590 	.db #0x02	; 2
      0001EE 02                     591 	.db #0x02	; 2
      0001EF 02                     592 	.db #0x02	; 2
      0001F0 02                     593 	.db #0x02	; 2
      0001F1 02                     594 	.db #0x02	; 2
      0001F2 02                     595 	.db #0x02	; 2
      0001F3 02                     596 	.db #0x02	; 2
      0001F4 02                     597 	.db #0x02	; 2
      0001F5 02                     598 	.db #0x02	; 2
      0001F6 02                     599 	.db #0x02	; 2
      0001F7 02                     600 	.db #0x02	; 2
      0001F8 02                     601 	.db #0x02	; 2
      0001F9 02                     602 	.db #0x02	; 2
      0001FA 00                     603 	.db #0x00	; 0
      0001FB 00                     604 	.db #0x00	; 0
      0001FC 00                     605 	.db #0x00	; 0
      0001FD 00                     606 	.db #0x00	; 0
      0001FE 00                     607 	.db #0x00	; 0
      0001FF 00                     608 	.db #0x00	; 0
      000200 00                     609 	.db #0x00	; 0
      000201 00                     610 	.db #0x00	; 0
      000202 00                     611 	.db #0x00	; 0
      000203 00                     612 	.db #0x00	; 0
      000204 00                     613 	.db #0x00	; 0
      000205 00                     614 	.db #0x00	; 0
      000206 00                     615 	.db #0x00	; 0
      000207 00                     616 	.db #0x00	; 0
      000208 00                     617 	.db #0x00	; 0
      000209 00                     618 	.db #0x00	; 0
      00020A 00                     619 	.db #0x00	; 0
      00020B 00                     620 	.db #0x00	; 0
      00020C 00                     621 	.db #0x00	; 0
      00020D 00                     622 	.db #0x00	; 0
      00020E                        623 _pongspritetiles:
      00020E 00                     624 	.db #0x00	; 0
      00020F 00                     625 	.db #0x00	; 0
      000210 00                     626 	.db #0x00	; 0
      000211 00                     627 	.db #0x00	; 0
      000212 00                     628 	.db #0x00	; 0
      000213 00                     629 	.db #0x00	; 0
      000214 00                     630 	.db #0x00	; 0
      000215 00                     631 	.db #0x00	; 0
      000216 00                     632 	.db #0x00	; 0
      000217 00                     633 	.db #0x00	; 0
      000218 00                     634 	.db #0x00	; 0
      000219 00                     635 	.db #0x00	; 0
      00021A 00                     636 	.db #0x00	; 0
      00021B 00                     637 	.db #0x00	; 0
      00021C 00                     638 	.db #0x00	; 0
      00021D 00                     639 	.db #0x00	; 0
      00021E FF                     640 	.db #0xff	; 255
      00021F FF                     641 	.db #0xff	; 255
      000220 FF                     642 	.db #0xff	; 255
      000221 81                     643 	.db #0x81	; 129
      000222 C3                     644 	.db #0xc3	; 195
      000223 81                     645 	.db #0x81	; 129
      000224 C3                     646 	.db #0xc3	; 195
      000225 99                     647 	.db #0x99	; 153
      000226 C3                     648 	.db #0xc3	; 195
      000227 99                     649 	.db #0x99	; 153
      000228 C3                     650 	.db #0xc3	; 195
      000229 81                     651 	.db #0x81	; 129
      00022A FF                     652 	.db #0xff	; 255
      00022B 81                     653 	.db #0x81	; 129
      00022C FF                     654 	.db #0xff	; 255
      00022D FF                     655 	.db #0xff	; 255
      00022E FF                     656 	.db #0xff	; 255
      00022F FF                     657 	.db #0xff	; 255
      000230 FF                     658 	.db #0xff	; 255
      000231 81                     659 	.db #0x81	; 129
      000232 C3                     660 	.db #0xc3	; 195
      000233 81                     661 	.db #0x81	; 129
      000234 C3                     662 	.db #0xc3	; 195
      000235 99                     663 	.db #0x99	; 153
      000236 C3                     664 	.db #0xc3	; 195
      000237 99                     665 	.db #0x99	; 153
      000238 C3                     666 	.db #0xc3	; 195
      000239 99                     667 	.db #0x99	; 153
      00023A C3                     668 	.db #0xc3	; 195
      00023B 99                     669 	.db #0x99	; 153
      00023C C3                     670 	.db #0xc3	; 195
      00023D 99                     671 	.db #0x99	; 153
      00023E C3                     672 	.db #0xc3	; 195
      00023F 99                     673 	.db #0x99	; 153
      000240 C3                     674 	.db #0xc3	; 195
      000241 99                     675 	.db #0x99	; 153
      000242 C3                     676 	.db #0xc3	; 195
      000243 99                     677 	.db #0x99	; 153
      000244 C3                     678 	.db #0xc3	; 195
      000245 99                     679 	.db #0x99	; 153
      000246 C3                     680 	.db #0xc3	; 195
      000247 99                     681 	.db #0x99	; 153
      000248 C3                     682 	.db #0xc3	; 195
      000249 99                     683 	.db #0x99	; 153
      00024A C3                     684 	.db #0xc3	; 195
      00024B 99                     685 	.db #0x99	; 153
      00024C C3                     686 	.db #0xc3	; 195
      00024D 99                     687 	.db #0x99	; 153
      00024E 18                     688 	.db #0x18	; 24
      00024F 18                     689 	.db #0x18	; 24
      000250 7E                     690 	.db #0x7e	; 126
      000251 66                     691 	.db #0x66	; 102	'f'
      000252 7E                     692 	.db #0x7e	; 126
      000253 42                     693 	.db #0x42	; 66	'B'
      000254 E7                     694 	.db #0xe7	; 231
      000255 99                     695 	.db #0x99	; 153
      000256 E7                     696 	.db #0xe7	; 231
      000257 99                     697 	.db #0x99	; 153
      000258 7E                     698 	.db #0x7e	; 126
      000259 42                     699 	.db #0x42	; 66	'B'
      00025A 7E                     700 	.db #0x7e	; 126
      00025B 66                     701 	.db #0x66	; 102	'f'
      00025C 18                     702 	.db #0x18	; 24
      00025D 18                     703 	.db #0x18	; 24
      00025E                        704 _bkgborderup:
      00025E 20                     705 	.db #0x20	; 32
      00025F                        706 _bkgborderdown:
      00025F 90                     707 	.db #0x90	; 144
                                    708 ;main.c:24: void move_ball() {
                                    709 ;	---------------------------------
                                    710 ; Function move_ball
                                    711 ; ---------------------------------
      000260                        712 _move_ball::
                                    713 ;main.c:25: UINT8 nextballposx = ballposx + ballspeedx;
      000260 FAr02r00               714 	ld	a, (#_ballposx)
      000263 21r00r00               715 	ld	hl, #_ballspeedx
      000266 86                     716 	add	a, (hl)
      000267 4F                     717 	ld	c, a
                                    718 ;main.c:26: UINT8 nextballposy = ballposy + ballspeedy;
      000268 FAr03r00               719 	ld	a, (#_ballposy)
      00026B 21r01r00               720 	ld	hl, #_ballspeedy
      00026E 86                     721 	add	a, (hl)
                                    722 ;main.c:27: if(collides_with_walls(nextballposy)) {
      00026F C5                     723 	push	bc
      000270 F5                     724 	push	af
      000271 33                     725 	inc	sp
      000272 CDr00r00               726 	call	_collides_with_walls
      000275 33                     727 	inc	sp
      000276 7B                     728 	ld	a, e
      000277 C1                     729 	pop	bc
      000278 B7                     730 	or	a, a
      000279 28 06                  731 	jr	Z, 00102$
                                    732 ;main.c:28: ballspeedy *= -1; // Bounce off wall
      00027B AF                     733 	xor	a, a
      00027C 21r01r00               734 	ld	hl, #_ballspeedy
      00027F 96                     735 	sub	a, (hl)
      000280 77                     736 	ld	(hl), a
      000281                        737 00102$:
                                    738 ;main.c:30: ballposx = nextballposx;
      000281 21r02r00               739 	ld	hl, #_ballposx
      000284 71                     740 	ld	(hl), c
                                    741 ;main.c:31: ballposy += ballspeedy;
      000285 FAr03r00               742 	ld	a, (#_ballposy)
      000288 21r01r00               743 	ld	hl, #_ballspeedy
      00028B 86                     744 	add	a, (hl)
      00028C EAr03r00               745 	ld	(#_ballposy),a
                                    746 ;main.c:32: scroll_sprite(0, ballspeedx, ballspeedy);
      00028F 21r01r00               747 	ld	hl, #_ballspeedy
      000292 56                     748 	ld	d, (hl)
      000293 21r00r00               749 	ld	hl, #_ballspeedx
      000296 5E                     750 	ld	e, (hl)
                                    751 ;C:/Game_Boy_Dev_Tools/gbdk/include/gb/gb.h:1234: OAM_item_t * itm = &shadow_OAM[nb];
      000297 01r00r00               752 	ld	bc, #_shadow_OAM+0
                                    753 ;C:/Game_Boy_Dev_Tools/gbdk/include/gb/gb.h:1235: itm->y+=y, itm->x+=x;
      00029A 0A                     754 	ld	a, (bc)
      00029B 82                     755 	add	a, d
      00029C 02                     756 	ld	(bc), a
      00029D 03                     757 	inc	bc
      00029E 0A                     758 	ld	a, (bc)
      00029F 83                     759 	add	a, e
      0002A0 02                     760 	ld	(bc), a
                                    761 ;main.c:32: scroll_sprite(0, ballspeedx, ballspeedy);
                                    762 ;main.c:33: }
      0002A1 C9                     763 	ret
                                    764 ;main.c:35: void init_paddle(Paddle * pdl, UINT8 firsttilenum,UINT8 posx, UINT8 posy) {
                                    765 ;	---------------------------------
                                    766 ; Function init_paddle
                                    767 ; ---------------------------------
      0002A2                        768 _init_paddle::
      0002A2 E8 FB                  769 	add	sp, #-5
                                    770 ;main.c:38: pdl->x = posx;
      0002A4 F8 07                  771 	ldhl	sp,#7
      0002A6 2A                     772 	ld	a, (hl+)
      0002A7 5F                     773 	ld	e, a
      0002A8 2A                     774 	ld	a, (hl+)
      0002A9 57                     775 	ld	d, a
      0002AA 23                     776 	inc	hl
      0002AB 7E                     777 	ld	a, (hl)
      0002AC 12                     778 	ld	(de), a
                                    779 ;main.c:39: pdl->y = posy;
      0002AD 4B                     780 	ld	c, e
      0002AE 42                     781 	ld	b, d
      0002AF 03                     782 	inc	bc
      0002B0 23                     783 	inc	hl
      0002B1 7E                     784 	ld	a, (hl)
      0002B2 02                     785 	ld	(bc), a
                                    786 ;main.c:40: pdl->firsttile = firsttilenum;
      0002B3 13                     787 	inc	de
      0002B4 13                     788 	inc	de
      0002B5 2B                     789 	dec	hl
      0002B6 2B                     790 	dec	hl
      0002B7 7E                     791 	ld	a, (hl)
      0002B8 12                     792 	ld	(de), a
                                    793 ;main.c:43: set_sprite_tile(firsttilenum, 1);
      0002B9 4E                     794 	ld	c, (hl)
                                    795 ;main.c:42: if(padheight == 0) { // Paddle is made of 1 tile only
      0002BA FAr06r00               796 	ld	a, (#_padheight)
      0002BD B7                     797 	or	a, a
      0002BE 20 1C                  798 	jr	NZ, 00102$
                                    799 ;C:/Game_Boy_Dev_Tools/gbdk/include/gb/gb.h:1145: shadow_OAM[nb].tile=tile;
      0002C0 69                     800 	ld	l, c
      0002C1 26 00                  801 	ld	h, #0x00
      0002C3 29                     802 	add	hl, hl
      0002C4 29                     803 	add	hl, hl
      0002C5 5D                     804 	ld	e, l
      0002C6 54                     805 	ld	d, h
      0002C7 21r02r00               806 	ld	hl,#_shadow_OAM+1+1
      0002CA 19                     807 	add	hl,de
      0002CB 36 01                  808 	ld	(hl), #0x01
                                    809 ;main.c:44: move_sprite(firsttilenum, posx, posy);
      0002CD F8 0B                  810 	ldhl	sp,	#11
      0002CF 3A                     811 	ld	a, (hl-)
      0002D0 47                     812 	ld	b, a
      0002D1 4E                     813 	ld	c, (hl)
                                    814 ;C:/Game_Boy_Dev_Tools/gbdk/include/gb/gb.h:1218: OAM_item_t * itm = &shadow_OAM[nb];
      0002D2 21r00r00               815 	ld	hl, #_shadow_OAM
      0002D5 19                     816 	add	hl, de
                                    817 ;C:/Game_Boy_Dev_Tools/gbdk/include/gb/gb.h:1219: itm->y=y, itm->x=x;
      0002D6 78                     818 	ld	a, b
      0002D7 22                     819 	ld	(hl+), a
      0002D8 71                     820 	ld	(hl), c
                                    821 ;main.c:45: return;
      0002D9 C3rADr03               822 	jp	00115$
      0002DC                        823 00102$:
                                    824 ;C:/Game_Boy_Dev_Tools/gbdk/include/gb/gb.h:1145: shadow_OAM[nb].tile=tile;
      0002DC F8 00                  825 	ldhl	sp,	#0
      0002DE 71                     826 	ld	(hl), c
      0002DF AF                     827 	xor	a, a
      0002E0 23                     828 	inc	hl
      0002E1 77                     829 	ld	(hl), a
      0002E2 D1                     830 	pop	de
      0002E3 D5                     831 	push	de
      0002E4 CB 23                  832 	sla	e
      0002E6 CB 12                  833 	rl	d
      0002E8 CB 23                  834 	sla	e
      0002EA CB 12                  835 	rl	d
      0002EC 21r02r00               836 	ld	hl,#_shadow_OAM+1+1
      0002EF 19                     837 	add	hl,de
      0002F0 36 02                  838 	ld	(hl), #0x02
                                    839 ;main.c:48: move_sprite(firsttilenum, posx, posy);
      0002F2 F8 0B                  840 	ldhl	sp,	#11
      0002F4 7E                     841 	ld	a, (hl)
      0002F5 F8 02                  842 	ldhl	sp,	#2
      0002F7 77                     843 	ld	(hl), a
      0002F8 F8 0A                  844 	ldhl	sp,	#10
      0002FA 7E                     845 	ld	a, (hl)
      0002FB F8 03                  846 	ldhl	sp,	#3
      0002FD 77                     847 	ld	(hl), a
                                    848 ;C:/Game_Boy_Dev_Tools/gbdk/include/gb/gb.h:1218: OAM_item_t * itm = &shadow_OAM[nb];
      0002FE 21r00r00               849 	ld	hl, #_shadow_OAM
      000301 19                     850 	add	hl, de
      000302 5D                     851 	ld	e, l
      000303 54                     852 	ld	d, h
                                    853 ;C:/Game_Boy_Dev_Tools/gbdk/include/gb/gb.h:1219: itm->y=y, itm->x=x;
      000304 F8 02                  854 	ldhl	sp,	#2
      000306 7E                     855 	ld	a, (hl)
      000307 12                     856 	ld	(de), a
      000308 13                     857 	inc	de
      000309 23                     858 	inc	hl
      00030A 7E                     859 	ld	a, (hl)
      00030B 12                     860 	ld	(de), a
                                    861 ;main.c:50: tileind = firsttilenum + 1;
      00030C 79                     862 	ld	a, c
      00030D 3C                     863 	inc	a
      00030E EAr07r00               864 	ld	(#_tileind),a
                                    865 ;main.c:51: itr = 1;
      000311 21r08r00               866 	ld	hl, #_itr
      000314 36 01                  867 	ld	(hl), #0x01
                                    868 ;main.c:52: while(tileind != firsttilenum + padheight) { // Config tiles between the first and the last
      000316                        869 00103$:
      000316 21r06r00               870 	ld	hl, #_padheight
      000319 4E                     871 	ld	c, (hl)
      00031A 06 00                  872 	ld	b, #0x00
      00031C E1                     873 	pop	hl
      00031D E5                     874 	push	hl
      00031E 09                     875 	add	hl, bc
      00031F 4D                     876 	ld	c, l
      000320 44                     877 	ld	b, h
      000321 21r07r00               878 	ld	hl, #_tileind
      000324 5E                     879 	ld	e, (hl)
      000325 16 00                  880 	ld	d, #0x00
                                    881 ;main.c:53: set_sprite_tile(tileind, 3);
      000327 7E                     882 	ld	a, (hl)
      000328 F8 04                  883 	ldhl	sp,	#4
      00032A 77                     884 	ld	(hl), a
                                    885 ;main.c:52: while(tileind != firsttilenum + padheight) { // Config tiles between the first and the last
      00032B 7B                     886 	ld	a, e
      00032C 91                     887 	sub	a, c
      00032D 20 04                  888 	jr	NZ, 00133$
      00032F 7A                     889 	ld	a, d
      000330 90                     890 	sub	a, b
      000331 28 37                  891 	jr	Z, 00105$
      000333                        892 00133$:
                                    893 ;C:/Game_Boy_Dev_Tools/gbdk/include/gb/gb.h:1145: shadow_OAM[nb].tile=tile;
      000333 01r00r00               894 	ld	bc, #_shadow_OAM+0
      000336 6E                     895 	ld	l, (hl)
      000337 26 00                  896 	ld	h, #0x00
      000339 29                     897 	add	hl, hl
      00033A 29                     898 	add	hl, hl
      00033B 09                     899 	add	hl, bc
      00033C 23                     900 	inc	hl
      00033D 23                     901 	inc	hl
      00033E 36 03                  902 	ld	(hl), #0x03
                                    903 ;main.c:54: move_sprite(tileind, posx, posy + itr * 8);
      000340 FAr08r00               904 	ld	a, (#_itr)
      000343 87                     905 	add	a, a
      000344 87                     906 	add	a, a
      000345 87                     907 	add	a, a
      000346 F8 02                  908 	ldhl	sp,	#2
      000348 4E                     909 	ld	c, (hl)
      000349 81                     910 	add	a, c
      00034A 4F                     911 	ld	c, a
      00034B 21r07r00               912 	ld	hl, #_tileind
      00034E 5E                     913 	ld	e, (hl)
                                    914 ;C:/Game_Boy_Dev_Tools/gbdk/include/gb/gb.h:1218: OAM_item_t * itm = &shadow_OAM[nb];
      00034F 26 00                  915 	ld	h, #0x00
      000351 6B                     916 	ld	l, e
      000352 29                     917 	add	hl, hl
      000353 29                     918 	add	hl, hl
      000354 11r00r00               919 	ld	de, #_shadow_OAM
      000357 19                     920 	add	hl, de
                                    921 ;C:/Game_Boy_Dev_Tools/gbdk/include/gb/gb.h:1219: itm->y=y, itm->x=x;
      000358 79                     922 	ld	a, c
      000359 22                     923 	ld	(hl+), a
      00035A 4D                     924 	ld	c, l
      00035B 44                     925 	ld	b, h
      00035C F8 03                  926 	ldhl	sp,	#3
      00035E 7E                     927 	ld	a, (hl)
      00035F 02                     928 	ld	(bc), a
                                    929 ;main.c:55: tileind++;
      000360 21r07r00               930 	ld	hl, #_tileind
      000363 34                     931 	inc	(hl)
                                    932 ;main.c:56: itr++;
      000364 21r08r00               933 	ld	hl, #_itr
      000367 34                     934 	inc	(hl)
      000368 18 AC                  935 	jr	00103$
      00036A                        936 00105$:
                                    937 ;C:/Game_Boy_Dev_Tools/gbdk/include/gb/gb.h:1145: shadow_OAM[nb].tile=tile;
      00036A F8 04                  938 	ldhl	sp,	#4
      00036C 6E                     939 	ld	l, (hl)
      00036D 26 00                  940 	ld	h, #0x00
      00036F 29                     941 	add	hl, hl
      000370 29                     942 	add	hl, hl
      000371 11r00r00               943 	ld	de, #_shadow_OAM
      000374 19                     944 	add	hl, de
      000375 23                     945 	inc	hl
      000376 23                     946 	inc	hl
      000377 36 02                  947 	ld	(hl), #0x02
                                    948 ;main.c:60: set_sprite_prop(tileind, 0x40); // Flip the last tile vertically
      000379 21r07r00               949 	ld	hl, #_tileind
      00037C 4E                     950 	ld	c, (hl)
                                    951 ;C:/Game_Boy_Dev_Tools/gbdk/include/gb/gb.h:1191: shadow_OAM[nb].prop=prop;
      00037D 26 00                  952 	ld	h, #0x00
      00037F 69                     953 	ld	l, c
      000380 29                     954 	add	hl, hl
      000381 29                     955 	add	hl, hl
      000382 11r00r00               956 	ld	de, #_shadow_OAM
      000385 19                     957 	add	hl, de
      000386 23                     958 	inc	hl
      000387 23                     959 	inc	hl
      000388 23                     960 	inc	hl
      000389 36 40                  961 	ld	(hl), #0x40
                                    962 ;main.c:61: move_sprite(tileind, posx, posy + padheight * 8);
      00038B FAr06r00               963 	ld	a, (#_padheight)
      00038E 87                     964 	add	a, a
      00038F 87                     965 	add	a, a
      000390 87                     966 	add	a, a
      000391 F8 02                  967 	ldhl	sp,	#2
      000393 4E                     968 	ld	c, (hl)
      000394 81                     969 	add	a, c
      000395 4F                     970 	ld	c, a
                                    971 ;C:/Game_Boy_Dev_Tools/gbdk/include/gb/gb.h:1218: OAM_item_t * itm = &shadow_OAM[nb];
      000396 FAr07r00               972 	ld	a, (#_tileind)
      000399 26 00                  973 	ld	h, #0x00
      00039B 6F                     974 	ld	l, a
      00039C 29                     975 	add	hl, hl
      00039D 29                     976 	add	hl, hl
      00039E 7D                     977 	ld	a, l
      00039F C6r00                  978 	add	a, #<(_shadow_OAM)
      0003A1 5F                     979 	ld	e, a
      0003A2 7C                     980 	ld	a, h
      0003A3 CEs00                  981 	adc	a, #>(_shadow_OAM)
      0003A5 57                     982 	ld	d, a
                                    983 ;C:/Game_Boy_Dev_Tools/gbdk/include/gb/gb.h:1219: itm->y=y, itm->x=x;
      0003A6 79                     984 	ld	a, c
      0003A7 12                     985 	ld	(de), a
      0003A8 13                     986 	inc	de
      0003A9 F8 03                  987 	ldhl	sp,	#3
      0003AB 7E                     988 	ld	a, (hl)
      0003AC 12                     989 	ld	(de), a
                                    990 ;main.c:61: move_sprite(tileind, posx, posy + padheight * 8);
      0003AD                        991 00115$:
                                    992 ;main.c:63: }
      0003AD E8 05                  993 	add	sp, #5
      0003AF C9                     994 	ret
                                    995 ;main.c:65: void auto_speed_adj() {
                                    996 ;	---------------------------------
                                    997 ; Function auto_speed_adj
                                    998 ; ---------------------------------
      0003B0                        999 _auto_speed_adj::
                                   1000 ;main.c:67: }
      0003B0 C9                    1001 	ret
                                   1002 ;main.c:69: void manual_speed_adj() {
                                   1003 ;	---------------------------------
                                   1004 ; Function manual_speed_adj
                                   1005 ; ---------------------------------
      0003B1                       1006 _manual_speed_adj::
                                   1007 ;main.c:71: }
      0003B1 C9                    1008 	ret
                                   1009 ;main.c:73: void main() {
                                   1010 ;	---------------------------------
                                   1011 ; Function main
                                   1012 ; ---------------------------------
      0003B2                       1013 _main::
      0003B2 E8 FA                 1014 	add	sp, #-6
                                   1015 ;main.c:75: DISPLAY_ON;
      0003B4 F0r00                 1016 	ldh	a, (_LCDC_REG+0)
      0003B6 F6 80                 1017 	or	a, #0x80
      0003B8 E0r00                 1018 	ldh	(_LCDC_REG+0),a
                                   1019 ;main.c:76: SHOW_BKG;
      0003BA F0r00                 1020 	ldh	a, (_LCDC_REG+0)
      0003BC F6 01                 1021 	or	a, #0x01
      0003BE E0r00                 1022 	ldh	(_LCDC_REG+0),a
                                   1023 ;main.c:77: SHOW_SPRITES;
      0003C0 F0r00                 1024 	ldh	a, (_LCDC_REG+0)
      0003C2 F6 02                 1025 	or	a, #0x02
      0003C4 E0r00                 1026 	ldh	(_LCDC_REG+0),a
                                   1027 ;main.c:79: set_bkg_data(0, 7, pongbkgtiles);
      0003C6 21r36r00              1028 	ld	hl, #_pongbkgtiles
      0003C9 E5                    1029 	push	hl
      0003CA 3E 07                 1030 	ld	a, #0x07
      0003CC F5                    1031 	push	af
      0003CD 33                    1032 	inc	sp
      0003CE AF                    1033 	xor	a, a
      0003CF F5                    1034 	push	af
      0003D0 33                    1035 	inc	sp
      0003D1 CDr00r00              1036 	call	_set_bkg_data
      0003D4 E8 04                 1037 	add	sp, #4
                                   1038 ;main.c:80: set_bkg_tiles(0, 0, 20, 18, ponggamemap);
      0003D6 21rA6r00              1039 	ld	hl, #_ponggamemap
      0003D9 E5                    1040 	push	hl
      0003DA 11 14 12              1041 	ld	de, #0x1214
      0003DD D5                    1042 	push	de
      0003DE AF                    1043 	xor	a, a
      0003DF F5                    1044 	push	af
      0003E0 33                    1045 	inc	sp
      0003E1 AF                    1046 	xor	a, a
      0003E2 F5                    1047 	push	af
      0003E3 33                    1048 	inc	sp
      0003E4 CDr00r00              1049 	call	_set_bkg_tiles
      0003E7 E8 06                 1050 	add	sp, #6
                                   1051 ;main.c:82: set_sprite_data(0, 5, pongspritetiles);
      0003E9 21r0Er02              1052 	ld	hl, #_pongspritetiles
      0003EC E5                    1053 	push	hl
      0003ED 3E 05                 1054 	ld	a, #0x05
      0003EF F5                    1055 	push	af
      0003F0 33                    1056 	inc	sp
      0003F1 AF                    1057 	xor	a, a
      0003F2 F5                    1058 	push	af
      0003F3 33                    1059 	inc	sp
      0003F4 CDr00r00              1060 	call	_set_sprite_data
      0003F7 E8 04                 1061 	add	sp, #4
                                   1062 ;C:/Game_Boy_Dev_Tools/gbdk/include/gb/gb.h:1145: shadow_OAM[nb].tile=tile;
      0003F9 21r02r00              1063 	ld	hl, #(_shadow_OAM + 0x0002)
      0003FC 36 04                 1064 	ld	(hl), #0x04
                                   1065 ;main.c:84: move_sprite(0, ballposx, ballposy); // Move ball to the middle of the playing field
      0003FE 21r03r00              1066 	ld	hl, #_ballposy
      000401 46                    1067 	ld	b, (hl)
      000402 21r02r00              1068 	ld	hl, #_ballposx
      000405 4E                    1069 	ld	c, (hl)
                                   1070 ;C:/Game_Boy_Dev_Tools/gbdk/include/gb/gb.h:1218: OAM_item_t * itm = &shadow_OAM[nb];
      000406 21r00r00              1071 	ld	hl, #_shadow_OAM
                                   1072 ;C:/Game_Boy_Dev_Tools/gbdk/include/gb/gb.h:1219: itm->y=y, itm->x=x;
      000409 78                    1073 	ld	a, b
      00040A 22                    1074 	ld	(hl+), a
      00040B 71                    1075 	ld	(hl), c
                                   1076 ;main.c:88: padheight = 2; // Actual size on screen is 3
      00040C 21r06r00              1077 	ld	hl, #_padheight
      00040F 36 02                 1078 	ld	(hl), #0x02
                                   1079 ;main.c:89: init_paddle(&pdlpl1, 2, 24, 80);
      000411 F8 00                 1080 	ldhl	sp,	#0
      000413 4D                    1081 	ld	c, l
      000414 44                    1082 	ld	b, h
      000415 59                    1083 	ld	e, c
      000416 50                    1084 	ld	d, b
      000417 C5                    1085 	push	bc
      000418 21 18 50              1086 	ld	hl, #0x5018
      00041B E5                    1087 	push	hl
      00041C 3E 02                 1088 	ld	a, #0x02
      00041E F5                    1089 	push	af
      00041F 33                    1090 	inc	sp
      000420 D5                    1091 	push	de
      000421 CDrA2r02              1092 	call	_init_paddle
      000424 E8 05                 1093 	add	sp, #5
      000426 C1                    1094 	pop	bc
                                   1095 ;main.c:90: init_paddle(&pdlcpu, pdlpl1.firsttile + padheight + 1, 144, 80);
      000427 03                    1096 	inc	bc
      000428 03                    1097 	inc	bc
      000429 0A                    1098 	ld	a, (bc)
      00042A 21r06r00              1099 	ld	hl, #_padheight
      00042D 86                    1100 	add	a, (hl)
      00042E 57                    1101 	ld	d, a
      00042F 14                    1102 	inc	d
      000430 F8 03                 1103 	ldhl	sp,	#3
      000432 4D                    1104 	ld	c, l
      000433 44                    1105 	ld	b, h
      000434 21 90 50              1106 	ld	hl, #0x5090
      000437 E5                    1107 	push	hl
      000438 D5                    1108 	push	de
      000439 33                    1109 	inc	sp
      00043A C5                    1110 	push	bc
      00043B CDrA2r02              1111 	call	_init_paddle
      00043E E8 05                 1112 	add	sp, #5
                                   1113 ;C:/Game_Boy_Dev_Tools/gbdk/include/gb/gb.h:1218: OAM_item_t * itm = &shadow_OAM[nb];
      000440 21r04r00              1114 	ld	hl, #(_shadow_OAM + 0x0004)
                                   1115 ;C:/Game_Boy_Dev_Tools/gbdk/include/gb/gb.h:1219: itm->y=y, itm->x=x;
      000443 3E 50                 1116 	ld	a, #0x50
      000445 22                    1117 	ld	(hl+), a
      000446 36 18                 1118 	ld	(hl), #0x18
                                   1119 ;main.c:94: while(1) {
      000448                       1120 00104$:
                                   1121 ;main.c:95: framecnt += framecnt != ballmvframe ? 1 : -ballmvframe + 1; // Resetting the frame counter
      000448 FAr04r00              1122 	ld	a, (#_framecnt)
      00044B 21r05r00              1123 	ld	hl, #_ballmvframe
      00044E 96                    1124 	sub	a, (hl)
      00044F 28 05                 1125 	jr	Z, 00111$
      000451 01 01 00              1126 	ld	bc, #0x0001
      000454 18 09                 1127 	jr	00112$
      000456                       1128 00111$:
      000456 AF                    1129 	xor	a, a
      000457 21r05r00              1130 	ld	hl, #_ballmvframe
      00045A 96                    1131 	sub	a, (hl)
      00045B 4F                    1132 	ld	c, a
      00045C 0C                    1133 	inc	c
      00045D 79                    1134 	ld	a, c
      00045E 17                    1135 	rla
      00045F                       1136 00112$:
      00045F 21r04r00              1137 	ld	hl, #_framecnt
      000462 7E                    1138 	ld	a, (hl)
      000463 81                    1139 	add	a, c
      000464 77                    1140 	ld	(hl), a
                                   1141 ;main.c:97: if(framecnt == ballmvframe) {
      000465 7E                    1142 	ld	a, (hl)
      000466 21r05r00              1143 	ld	hl, #_ballmvframe
      000469 96                    1144 	sub	a, (hl)
      00046A 20 03                 1145 	jr	NZ, 00102$
                                   1146 ;main.c:98: move_ball();
      00046C CDr60r02              1147 	call	_move_ball
      00046F                       1148 00102$:
                                   1149 ;main.c:101: wait_vbl_done();
      00046F CDr00r00              1150 	call	_wait_vbl_done
      000472 18 D4                 1151 	jr	00104$
                                   1152 ;main.c:104: }
      000474 E8 06                 1153 	add	sp, #6
      000476 C9                    1154 	ret
                                   1155 	.area _CODE
                                   1156 	.area _CABS (ABS)
